// Jest Snapshot v1, https://goo.gl/fbAQLP

exports[`GamesCatalogScreen should renders correctly 1`] = `
Array [
  <Header
    text="Games catalog PS4"
  />,
  <PlatformChoices
    choices={
      Array [
        "PS4",
        "X1",
        "PC",
        "Switch",
      ]
    }
    handleClick={[Function]}
    selectedPlatform="PS4"
  />,
  <CatalogContainer
    games={
      Array [
        Object {
          "cover": "https://via.placeholder.com/359x411/003791/ffffff",
          "description": "Lorem ipsum dolor sit amet, consectetur adipiscing elit. Morbi in vehicula nulla. Nullam id leo non mi gravida iaculis. Integer aliquam ex in ipsum cursus, ac accumsan nisl cursus. Curabitur quis lorem sed enim ultrices scelerisque sit amet et sapien. Integer elementum, eros vel dignissim consectetur, nibh tortor iaculis leo, nec varius dolor velit in nisl. Quisque ac nibh quis risus venenatis mollis. Aliquam dapibus, mauris nec iaculis ornare, neque nulla lacinia turpis, ac luctus nunc tortor et est. Donec tempor lorem ac eros semper, eget ultricies urna ultrices. Nunc feugiat eros dui, id pharetra risus hendrerit sit amet.",
          "hero": "https://via.placeholder.com/1920x368/003791/ffffff",
          "name": "PlayStation Game A",
          "platform": "PS4",
        },
        Object {
          "cover": "https://via.placeholder.com/359x411/003791/ffffff",
          "description": "Lorem ipsum dolor sit amet, consectetur adipiscing elit. Morbi in vehicula nulla. Nullam id leo non mi gravida iaculis. Integer aliquam ex in ipsum cursus, ac accumsan nisl cursus. Curabitur quis lorem sed enim ultrices scelerisque sit amet et sapien. Integer elementum, eros vel dignissim consectetur, nibh tortor iaculis leo, nec varius dolor velit in nisl. Quisque ac nibh quis risus venenatis mollis. Aliquam dapibus, mauris nec iaculis ornare, neque nulla lacinia turpis, ac luctus nunc tortor et est. Donec tempor lorem ac eros semper, eget ultricies urna ultrices. Nunc feugiat eros dui, id pharetra risus hendrerit sit amet.",
          "hero": "https://via.placeholder.com/1920x368/003791/ffffff",
          "name": "PlayStation Game B",
          "platform": "PS4",
        },
        Object {
          "cover": "https://via.placeholder.com/359x411/003791/ffffff",
          "description": "Lorem ipsum dolor sit amet, consectetur adipiscing elit. Morbi in vehicula nulla. Nullam id leo non mi gravida iaculis. Integer aliquam ex in ipsum cursus, ac accumsan nisl cursus. Curabitur quis lorem sed enim ultrices scelerisque sit amet et sapien. Integer elementum, eros vel dignissim consectetur, nibh tortor iaculis leo, nec varius dolor velit in nisl. Quisque ac nibh quis risus venenatis mollis. Aliquam dapibus, mauris nec iaculis ornare, neque nulla lacinia turpis, ac luctus nunc tortor et est. Donec tempor lorem ac eros semper, eget ultricies urna ultrices. Nunc feugiat eros dui, id pharetra risus hendrerit sit amet.",
          "hero": "https://via.placeholder.com/1920x368/003791/ffffff",
          "name": "PlayStation Game C",
          "platform": "PS4",
        },
      ]
    }
  />,
]
`;
