// Jest Snapshot v1, https://goo.gl/fbAQLP

exports[`I18nProvider should renders correctly 1`] = `<div />`;
