// Jest Snapshot v1, https://goo.gl/fbAQLP

exports[`Link should renders correctly 1`] = `
<div
  className="Link__Wrapper-sc-1kz7l5q-0 jgxdgC"
  onClick={[Function]}
>
  <span
    className="Link__Content-sc-1kz7l5q-1 gOEnav"
    data-hover="link test"
  >
    link test
  </span>
</div>
`;
